Archive member included because of file (symbol)

/home/lucasrangit/Workspaces/LPCXpresso/CMSISv1p30_LPC17xx/Debug/libCMSISv1p30_LPC17xx.a(system_LPC17xx.o)
                              ./cr_startup_lpc17.o (SystemInit)
/home/lucasrangit/Workspaces/LPCXpresso/FreeRTOS_Library/Debug/libFreeRTOS_Library.a(port.o)
                              ./cr_startup_lpc17.o (vPortSVCHandler)
/home/lucasrangit/Workspaces/LPCXpresso/FreeRTOS_Library/Debug/libFreeRTOS_Library.a(basic_io.o)
                              ./main.o (vPrintString)
/home/lucasrangit/Workspaces/LPCXpresso/FreeRTOS_Library/Debug/libFreeRTOS_Library.a(consoleprint.o)
                              /home/lucasrangit/Workspaces/LPCXpresso/FreeRTOS_Library/Debug/libFreeRTOS_Library.a(basic_io.o) (consoleprint)
/home/lucasrangit/Workspaces/LPCXpresso/FreeRTOS_Library/Debug/libFreeRTOS_Library.a(tasks.o)
                              ./main.o (xTaskGenericCreate)
/home/lucasrangit/Workspaces/LPCXpresso/FreeRTOS_Library/Debug/libFreeRTOS_Library.a(heap_2.o)
                              /home/lucasrangit/Workspaces/LPCXpresso/FreeRTOS_Library/Debug/libFreeRTOS_Library.a(tasks.o) (pvPortMalloc)
/home/lucasrangit/Workspaces/LPCXpresso/FreeRTOS_Library/Debug/libFreeRTOS_Library.a(list.o)
                              /home/lucasrangit/Workspaces/LPCXpresso/FreeRTOS_Library/Debug/libFreeRTOS_Library.a(tasks.o) (vListInitialise)
/usr/local/lpcxpresso_6.1.4_194/lpcxpresso/tools/bin/../lib/gcc/arm-none-eabi/4.6.2/../../../../arm-none-eabi/lib/armv7-m/libcr_semihost.a(__sys_write.o)
                              /home/lucasrangit/Workspaces/LPCXpresso/FreeRTOS_Library/Debug/libFreeRTOS_Library.a(consoleprint.o) (__write)
/usr/local/lpcxpresso_6.1.4_194/lpcxpresso/tools/bin/../lib/gcc/arm-none-eabi/4.6.2/../../../../arm-none-eabi/lib/armv7-m/libcr_semihost.a(_cr__main.o)
                              ./cr_startup_lpc17.o (__main)
/usr/local/lpcxpresso_6.1.4_194/lpcxpresso/tools/bin/../lib/gcc/arm-none-eabi/4.6.2/../../../../arm-none-eabi/lib/armv7-m/libcr_c.a(memset.o)
                              /home/lucasrangit/Workspaces/LPCXpresso/FreeRTOS_Library/Debug/libFreeRTOS_Library.a(tasks.o) (memset)
/usr/local/lpcxpresso_6.1.4_194/lpcxpresso/tools/bin/../lib/gcc/arm-none-eabi/4.6.2/../../../../arm-none-eabi/lib/armv7-m/libcr_c.a(fpprintf.o)
                              /home/lucasrangit/Workspaces/LPCXpresso/FreeRTOS_Library/Debug/libFreeRTOS_Library.a(basic_io.o) (sprintf)
/usr/local/lpcxpresso_6.1.4_194/lpcxpresso/tools/bin/../lib/gcc/arm-none-eabi/4.6.2/../../../../arm-none-eabi/lib/armv7-m/libcr_c.a(initio.o)
                              /usr/local/lpcxpresso_6.1.4_194/lpcxpresso/tools/bin/../lib/gcc/arm-none-eabi/4.6.2/../../../../arm-none-eabi/lib/armv7-m/libcr_semihost.a(_cr__main.o) (_initio)
/usr/local/lpcxpresso_6.1.4_194/lpcxpresso/tools/bin/../lib/gcc/arm-none-eabi/4.6.2/../../../../arm-none-eabi/lib/armv7-m/libcr_c.a(memcmp.o)
                              /home/lucasrangit/Workspaces/LPCXpresso/FreeRTOS_Library/Debug/libFreeRTOS_Library.a(tasks.o) (memcmp)
/usr/local/lpcxpresso_6.1.4_194/lpcxpresso/tools/bin/../lib/gcc/arm-none-eabi/4.6.2/../../../../arm-none-eabi/lib/armv7-m/libcr_c.a(printf.o)
                              /usr/local/lpcxpresso_6.1.4_194/lpcxpresso/tools/bin/../lib/gcc/arm-none-eabi/4.6.2/../../../../arm-none-eabi/lib/armv7-m/libcr_c.a(fpprintf.o) (__vfprintf)
/usr/local/lpcxpresso_6.1.4_194/lpcxpresso/tools/bin/../lib/gcc/arm-none-eabi/4.6.2/../../../../arm-none-eabi/lib/armv7-m/libcr_c.a(setvbuf.o)
                              /usr/local/lpcxpresso_6.1.4_194/lpcxpresso/tools/bin/../lib/gcc/arm-none-eabi/4.6.2/../../../../arm-none-eabi/lib/armv7-m/libcr_c.a(initio.o) (setvbuf)
/usr/local/lpcxpresso_6.1.4_194/lpcxpresso/tools/bin/../lib/gcc/arm-none-eabi/4.6.2/../../../../arm-none-eabi/lib/armv7-m/libcr_c.a(stdio.o)
                              /usr/local/lpcxpresso_6.1.4_194/lpcxpresso/tools/bin/../lib/gcc/arm-none-eabi/4.6.2/../../../../arm-none-eabi/lib/armv7-m/libcr_c.a(fpprintf.o) (__Ciob)
/usr/local/lpcxpresso_6.1.4_194/lpcxpresso/tools/bin/../lib/gcc/arm-none-eabi/4.6.2/../../../../arm-none-eabi/lib/armv7-m/libcr_c.a(strcpy.o)
                              /home/lucasrangit/Workspaces/LPCXpresso/FreeRTOS_Library/Debug/libFreeRTOS_Library.a(basic_io.o) (strcpy)
/usr/local/lpcxpresso_6.1.4_194/lpcxpresso/tools/bin/../lib/gcc/arm-none-eabi/4.6.2/../../../../arm-none-eabi/lib/armv7-m/libcr_c.a(strlen.o)
                              /home/lucasrangit/Workspaces/LPCXpresso/FreeRTOS_Library/Debug/libFreeRTOS_Library.a(consoleprint.o) (strlen)
/usr/local/lpcxpresso_6.1.4_194/lpcxpresso/tools/bin/../lib/gcc/arm-none-eabi/4.6.2/../../../../arm-none-eabi/lib/armv7-m/libcr_c.a(strncpy.o)
                              /home/lucasrangit/Workspaces/LPCXpresso/FreeRTOS_Library/Debug/libFreeRTOS_Library.a(tasks.o) (strncpy)
[...]
Memory Configuration

Name             Origin             Length             Attributes
MFlash512        0x00000000         0x00080000         xr
RamLoc32         0x10000000         0x00008000         xrw
RamAHB32         0x2007c000         0x00008000         xrw
*default*        0x00000000         0xffffffff

Linker script and memory map

LOAD ./cr_startup_lpc17.o
LOAD ./main.o
LOAD /home/lucasrangit/Workspaces/LPCXpresso/CMSISv1p30_LPC17xx/Debug/libCMSISv1p30_LPC17xx.a
LOAD /home/lucasrangit/Workspaces/LPCXpresso/FreeRTOS_Library/Debug/libFreeRTOS_Library.a
START GROUP
LOAD /usr/local/lpcxpresso_6.1.4_194/lpcxpresso/tools/bin/../lib/gcc/arm-none-eabi/4.6.2/../../../../arm-none-eabi/lib/armv7-m/libcr_semihost.a
LOAD /usr/local/lpcxpresso_6.1.4_194/lpcxpresso/tools/bin/../lib/gcc/arm-none-eabi/4.6.2/../../../../arm-none-eabi/lib/armv7-m/libcr_c.a
LOAD /usr/local/lpcxpresso_6.1.4_194/lpcxpresso/tools/bin/../lib/gcc/arm-none-eabi/4.6.2/armv7-m/libcr_eabihelpers.a
END GROUP
                0x00080000                __top_MFlash512 = 0x80000
                0x10008000                __top_RamLoc32 = 0x10008000
                0x20084000                __top_RamAHB32 = 0x20084000

.text           0x00000000     0x3ec0
 FILL mask 0xff
                0x00000000                __vectors_start__ = ABSOLUTE (.)
 *(.isr_vector)
 .isr_vector    0x00000000       0xcc ./cr_startup_lpc17.o
                0x00000000                g_pfnVectors
                0x000000cc                . = ALIGN (0x4)
                0x000000cc                __section_table_start = .
                0x000000cc                __data_section_table = .
                0x000000cc        0x4 LONG 0x3ec0 LOADADDR (.data)
                0x000000d0        0x4 LONG 0x10000000 ADDR (.data)
                0x000000d4        0x4 LONG 0x10 SIZEOF (.data)
                0x000000d8        0x4 LONG 0x3ec0 LOADADDR (.data_RAM2)
                0x000000dc        0x4 LONG 0x2007c000 ADDR (.data_RAM2)
                0x000000e0        0x4 LONG 0x0 SIZEOF (.data_RAM2)
                0x000000e4                __data_section_table_end = .
                0x000000e4                __bss_section_table = .
                0x000000e4        0x4 LONG 0x10000010 ADDR (.bss)
                0x000000e8        0x4 LONG 0x2aa0 SIZEOF (.bss)
                0x000000ec        0x4 LONG 0x2007c000 ADDR (.bss_RAM2)
                0x000000f0        0x4 LONG 0x0 SIZEOF (.bss_RAM2)
                0x000000f4                __bss_section_table_end = .
                0x000000f4                __section_table_end = .
 *(.after_vectors*)
 *(.text*)
 .text.ResetISR
                0x000000f4       0x68 ./cr_startup_lpc17.o
                0x000000f4                ResetISR
 .text.NMI_Handler
                0x0000015c        0x8 ./cr_startup_lpc17.o
                0x0000015c                NMI_Handler
 .text.HardFault_Handler
                0x00000164        0x8 ./cr_startup_lpc17.o
                0x00000164                HardFault_Handler
 .text.MemManage_Handler
                0x0000016c        0x8 ./cr_startup_lpc17.o
                0x0000016c                MemManage_Handler
 .text.BusFault_Handler
                0x00000174        0x8 ./cr_startup_lpc17.o
                0x00000174                BusFault_Handler
 .text.UsageFault_Handler
                0x0000017c        0x8 ./cr_startup_lpc17.o
                0x0000017c                UsageFault_Handler
 .text.DebugMon_Handler
                0x00000184        0x8 ./cr_startup_lpc17.o
                0x00000184                DebugMon_Handler
 .text.IntDefaultHandler
                0x0000018c        0x8 ./cr_startup_lpc17.o
                0x0000018c                TIMER2_IRQHandler
                0x0000018c                RIT_IRQHandler
                0x0000018c                I2C0_IRQHandler
                0x0000018c                USBActivity_IRQHandler
                0x0000018c                PWM1_IRQHandler
                0x0000018c                I2C1_IRQHandler
                0x0000018c                EINT2_IRQHandler
                0x0000018c                UART1_IRQHandler
                0x0000018c                EINT3_IRQHandler
                0x0000018c                CANActivity_IRQHandler
                0x0000018c                TIMER3_IRQHandler
                0x0000018c                UART0_IRQHandler
                0x0000018c                IntDefaultHandler
                0x0000018c                PLL0_IRQHandler
                0x0000018c                CAN_IRQHandler
                0x0000018c                PLL1_IRQHandler
                0x0000018c                SSP0_IRQHandler
                0x0000018c                I2S_IRQHandler
                0x0000018c                I2C2_IRQHandler
                0x0000018c                RTC_IRQHandler
                0x0000018c                TIMER0_IRQHandler
                0x0000018c                SPI_IRQHandler
                0x0000018c                EINT1_IRQHandler
                0x0000018c                TIMER1_IRQHandler
                0x0000018c                UART2_IRQHandler
                0x0000018c                ADC_IRQHandler
                0x0000018c                SSP1_IRQHandler
                0x0000018c                USB_IRQHandler
                0x0000018c                BOD_IRQHandler
                0x0000018c                WDT_IRQHandler
                0x0000018c                QEI_IRQHandler
                0x0000018c                EINT0_IRQHandler
                0x0000018c                DMA_IRQHandler
                0x0000018c                UART3_IRQHandler
                0x0000018c                MCPWM_IRQHandler
                0x0000018c                ENET_IRQHandler
 .text.main     0x00000194       0x80 ./main.o
                0x00000194                main
 .text.vTaskFunction
                0x00000214       0x1c ./main.o
                0x00000214                vTaskFunction
 .text.vApplicationMallocFailedHook
                0x00000230        0x8 ./main.o
                0x00000230                vApplicationMallocFailedHook
 .text.vApplicationStackOverflowHook
                0x00000238        0xc ./main.o
                0x00000238                vApplicationStackOverflowHook
 .text.vApplicationIdleHook
                0x00000244        0xc ./main.o
                0x00000244                vApplicationIdleHook
 .text.vApplicationTickHook
                0x00000250        0xc ./main.o
                0x00000250                vApplicationTickHook
 .text.SystemInit
                0x0000025c      0x22c /home/lucasrangit/Workspaces/LPCXpresso/CMSISv1p30_LPC17xx/Debug/libCMSISv1p30_LPC17xx.a(system_LPC17xx.o)
                0x0000025c                SystemInit
 .text          0x00000488      0x154 /home/lucasrangit/Workspaces/LPCXpresso/FreeRTOS_Library/Debug/libFreeRTOS_Library.a(port.o)
                0x00000488                pxPortInitialiseStack
                0x000004a8                vPortSVCHandler
                0x000004c8                vPortStartFirstTask
                0x000004d8                xPortStartScheduler
                0x00000528                vPortEndScheduler
                0x0000052c                vPortYieldFromISR
                0x0000053c                vPortEnterCritical
                0x00000558                vPortExitCritical
                0x00000574                xPortPendSVHandler
                0x000005b0                xPortSysTickHandler
 .text          0x000005dc       0x54 /home/lucasrangit/Workspaces/LPCXpresso/FreeRTOS_Library/Debug/libFreeRTOS_Library.a(basic_io.o)
                0x000005dc                vPrintString
                0x00000600                vPrintStringAndNumber
 .text          0x00000630       0x18 /home/lucasrangit/Workspaces/LPCXpresso/FreeRTOS_Library/Debug/libFreeRTOS_Library.a(consoleprint.o)
                0x00000630                consoleprint
 .text          0x00000648      0xca4 /home/lucasrangit/Workspaces/LPCXpresso/FreeRTOS_Library/Debug/libFreeRTOS_Library.a(tasks.o)
                0x00000648                xTaskGenericCreate
                0x00000848                vTaskDelete
                0x000008c8                uxTaskPriorityGet
                0x000008e8                vTaskPrioritySet
                0x0000099c                xTaskIsTaskSuspended
                0x000009c8                vTaskResume
                0x00000a44                xTaskResumeFromISR
                0x00000ac0                vTaskStartScheduler
                0x00000b14                vTaskEndScheduler
                0x00000b34                vTaskSuspendAll
                0x00000b4c                xTaskGetTickCount
                0x00000b68                xTaskGetTickCountFromISR
                0x00000b78                uxTaskGetNumberOfTasks
                0x00000b84                vTaskIncrementTick
                0x00000c64                xTaskResumeAll
                0x00000de0                vTaskDelay
                0x00000e38                vTaskDelayUntil
                0x00000ed4                vTaskSwitchContext
                0x00000fd0                vTaskSuspend
                0x0000105c                vTaskPlaceOnEventList
                0x000010c8                xTaskRemoveFromEventList
                0x00001154                vTaskSetTimeOutState
                0x0000116c                xTaskCheckForTimeOut
                0x000011ec                vTaskMissedYield
                0x00001200                xTaskGetCurrentTaskHandle
                0x0000120c                vTaskPriorityInherit
                0x00001298                vTaskPriorityDisinherit
 .text          0x000012ec      0x140 /home/lucasrangit/Workspaces/LPCXpresso/FreeRTOS_Library/Debug/libFreeRTOS_Library.a(heap_2.o)
                0x000012ec                pvPortMalloc
                0x000013d8                vPortFree
                0x0000141c                xPortGetFreeHeapSize
                0x00001428                vPortInitialiseBlocks
 .text          0x0000142c       0xa4 /home/lucasrangit/Workspaces/LPCXpresso/FreeRTOS_Library/Debug/libFreeRTOS_Library.a(list.o)
                0x0000142c                vListInitialise
                0x00001444                vListInitialiseItem
                0x0000144c                vListInsertEnd
                0x0000146c                vListInsert
                0x000014a8                vListRemove
 .text.__sys_write
                0x000014d0        0xc /usr/local/lpcxpresso_6.1.4_194/lpcxpresso/tools/bin/../lib/gcc/arm-none-eabi/4.6.2/../../../../arm-none-eabi/lib/armv7-m/libcr_semihost.a(__sys_write.o)
                0x000014d0                __write
                0x000014d0                __sys_write
 .text.__main   0x000014dc       0x14 /usr/local/lpcxpresso_6.1.4_194/lpcxpresso/tools/bin/../lib/gcc/arm-none-eabi/4.6.2/../../../../arm-none-eabi/lib/armv7-m/libcr_semihost.a(_cr__main.o)
                0x000014dc                __main
                0x000014dc                __CR_SEMIHOST
 .text.memset   0x000014f0        0x4 /usr/local/lpcxpresso_6.1.4_194/lpcxpresso/tools/bin/../lib/gcc/arm-none-eabi/4.6.2/../../../../arm-none-eabi/lib/armv7-m/libcr_c.a(memset.o)
                0x000014f0                memset
 .text.lose_trailing_zeros
                0x000014f4       0x1e /usr/local/lpcxpresso_6.1.4_194/lpcxpresso/tools/bin/../lib/gcc/arm-none-eabi/4.6.2/../../../../arm-none-eabi/lib/armv7-m/libcr_c.a(fpprintf.o)
 .text.fp_round
                0x00001512       0x54 /usr/local/lpcxpresso_6.1.4_194/lpcxpresso/tools/bin/../lib/gcc/arm-none-eabi/4.6.2/../../../../arm-none-eabi/lib/armv7-m/libcr_c.a(fpprintf.o)
 .text.pr_dec.constprop.1
                0x00001566       0x22 /usr/local/lpcxpresso_6.1.4_194/lpcxpresso/tools/bin/../lib/gcc/arm-none-eabi/4.6.2/../../../../arm-none-eabi/lib/armv7-m/libcr_c.a(fpprintf.o)
 .text.sprintf  0x00001588       0x70 /usr/local/lpcxpresso_6.1.4_194/lpcxpresso/tools/bin/../lib/gcc/arm-none-eabi/4.6.2/../../../../arm-none-eabi/lib/armv7-m/libcr_c.a(fpprintf.o)
                0x00001588                sprintf
 .text.fp_display
                0x000015f8      0x908 /usr/local/lpcxpresso_6.1.4_194/lpcxpresso/tools/bin/../lib/gcc/arm-none-eabi/4.6.2/../../../../arm-none-eabi/lib/armv7-m/libcr_c.a(fpprintf.o)
 .text._initio  0x00001f00       0x9c /usr/local/lpcxpresso_6.1.4_194/lpcxpresso/tools/bin/../lib/gcc/arm-none-eabi/4.6.2/../../../../arm-none-eabi/lib/armv7-m/libcr_c.a(initio.o)
                0x00001f00                _initio
 .text.memcmp   0x00001f9c       0x38 /usr/local/lpcxpresso_6.1.4_194/lpcxpresso/tools/bin/../lib/gcc/arm-none-eabi/4.6.2/../../../../arm-none-eabi/lib/armv7-m/libcr_c.a(memcmp.o)
                0x00001f9c                memcmp
 .text.__vfprintf
                0x00001fd4      0xd54 /usr/local/lpcxpresso_6.1.4_194/lpcxpresso/tools/bin/../lib/gcc/arm-none-eabi/4.6.2/../../../../arm-none-eabi/lib/armv7-m/libcr_c.a(printf.o)
                0x00001fd4                __vfprintf
 .text.setvbuf  0x00002d28       0x48 /usr/local/lpcxpresso_6.1.4_194/lpcxpresso/tools/bin/../lib/gcc/arm-none-eabi/4.6.2/../../../../arm-none-eabi/lib/armv7-m/libcr_c.a(setvbuf.o)
                0x00002d28                setvbuf
 .text.strcpy   0x00002d70       0x44 /usr/local/lpcxpresso_6.1.4_194/lpcxpresso/tools/bin/../lib/gcc/arm-none-eabi/4.6.2/../../../../arm-none-eabi/lib/armv7-m/libcr_c.a(strcpy.o)
                0x00002d70                strcpy
 .text.strlen   0x00002db4       0x4c /usr/local/lpcxpresso_6.1.4_194/lpcxpresso/tools/bin/../lib/gcc/arm-none-eabi/4.6.2/../../../../arm-none-eabi/lib/armv7-m/libcr_c.a(strlen.o)
                0x00002db4                strlen
 .text.strncpy  0x00002e00       0x54 /usr/local/lpcxpresso_6.1.4_194/lpcxpresso/tools/bin/../lib/gcc/arm-none-eabi/4.6.2/../../../../arm-none-eabi/lib/armv7-m/libcr_c.a(strncpy.o)
                0x00002e00                strncpy
 .text._deferredlazyseek
                0x00002e54       0x44 /usr/local/lpcxpresso_6.1.4_194/lpcxpresso/tools/bin/../lib/gcc/arm-none-eabi/4.6.2/../../../../arm-none-eabi/lib/armv7-m/libcr_c.a(_deferredlazyseek.o)
                0x00002e54                _deferredlazyseek
 .text.__flsbuf
                0x00002e98      0x14e /usr/local/lpcxpresso_6.1.4_194/lpcxpresso/tools/bin/../lib/gcc/arm-none-eabi/4.6.2/../../../../arm-none-eabi/lib/armv7-m/libcr_c.a(_deferredlazyseek.o)
                0x00002e98                __flsbuf
 .text._fdopen  0x00002fe6       0x6c /usr/local/lpcxpresso_6.1.4_194/lpcxpresso/tools/bin/../lib/gcc/arm-none-eabi/4.6.2/../../../../arm-none-eabi/lib/armv7-m/libcr_c.a(_fdopen.o)
                0x00002fe6                _fdopen
 .text._fflush  0x00003052       0x58 /usr/local/lpcxpresso_6.1.4_194/lpcxpresso/tools/bin/../lib/gcc/arm-none-eabi/4.6.2/../../../../arm-none-eabi/lib/armv7-m/libcr_c.a(_fflush.o)
                0x00003052                _fflush
 .text._frexpl  0x000030aa       0x60 /usr/local/lpcxpresso_6.1.4_194/lpcxpresso/tools/bin/../lib/gcc/arm-none-eabi/4.6.2/../../../../arm-none-eabi/lib/armv7-m/libcr_c.a(_frexpl.o)
                0x000030aa                _frexpl
 *fill*         0x0000310a        0x2 00
 .text._ldexpl  0x0000310c       0x50 /usr/local/lpcxpresso_6.1.4_194/lpcxpresso/tools/bin/../lib/gcc/arm-none-eabi/4.6.2/../../../../arm-none-eabi/lib/armv7-m/libcr_c.a(_ldexpl.o)
                0x0000310c                _ldexpl
 .text._Cwritebuf
                0x0000315c       0x84 /usr/local/lpcxpresso_6.1.4_194/lpcxpresso/tools/bin/../lib/gcc/arm-none-eabi/4.6.2/../../../../arm-none-eabi/lib/armv7-m/libcr_c.a(_writebuf.o)
                0x0000315c                _Cwritebuf
 .text.malloc   0x000031e0       0xbc /usr/local/lpcxpresso_6.1.4_194/lpcxpresso/tools/bin/../lib/gcc/arm-none-eabi/4.6.2/../../../../arm-none-eabi/lib/armv7-m/libcr_c.a(alloc.o)
                0x000031e0                malloc
 .text.free     0x0000329c        0xc /usr/local/lpcxpresso_6.1.4_194/lpcxpresso/tools/bin/../lib/gcc/arm-none-eabi/4.6.2/../../../../arm-none-eabi/lib/armv7-m/libcr_c.a(alloc.o)
                0x0000329c                free
 .text._Csys_alloc
                0x000032a8       0x20 /usr/local/lpcxpresso_6.1.4_194/lpcxpresso/tools/bin/../lib/gcc/arm-none-eabi/4.6.2/../../../../arm-none-eabi/lib/armv7-m/libcr_c.a(alloc.o)
                0x000032a8                _Csys_alloc
 .text.fclose   0x000032c8       0x6c /usr/local/lpcxpresso_6.1.4_194/lpcxpresso/tools/bin/../lib/gcc/arm-none-eabi/4.6.2/../../../../arm-none-eabi/lib/armv7-m/libcr_c.a(fclose.o)
                0x000032c8                fclose
 .text.fflush   0x00003334       0x34 /usr/local/lpcxpresso_6.1.4_194/lpcxpresso/tools/bin/../lib/gcc/arm-none-eabi/4.6.2/../../../../arm-none-eabi/lib/armv7-m/libcr_c.a(fflush.o)
                0x00003334                fflush
 .text.fseek    0x00003368      0x104 /usr/local/lpcxpresso_6.1.4_194/lpcxpresso/tools/bin/../lib/gcc/arm-none-eabi/4.6.2/../../../../arm-none-eabi/lib/armv7-m/libcr_c.a(fseek.o)
                0x00003368                fseek
 .text.ftell    0x0000346c       0x4c /usr/local/lpcxpresso_6.1.4_194/lpcxpresso/tools/bin/../lib/gcc/arm-none-eabi/4.6.2/../../../../arm-none-eabi/lib/armv7-m/libcr_c.a(ftell.o)
                0x0000346c                ftell
 .text.remove   0x000034b8       0x14 /usr/local/lpcxpresso_6.1.4_194/lpcxpresso/tools/bin/../lib/gcc/arm-none-eabi/4.6.2/../../../../arm-none-eabi/lib/armv7-m/libcr_c.a(remove.o)
                0x000034b8                remove
 .text._do_fflush
                0x000034cc       0x42 /usr/local/lpcxpresso_6.1.4_194/lpcxpresso/tools/bin/../lib/gcc/arm-none-eabi/4.6.2/../../../../arm-none-eabi/lib/armv7-m/libcr_c.a(_do_fflush.o)
                0x000034cc                _do_fflush
 *fill*         0x0000350e        0x2 00
 .text.__aeabi_dmul
                0x00003510      0x138 /usr/local/lpcxpresso_6.1.4_194/lpcxpresso/tools/bin/../lib/gcc/arm-none-eabi/4.6.2/armv7-m/libcr_eabihelpers.a(double.o)
                0x00003510                __aeabi_dmul
 .text.__aeabi_ddiv
                0x00003648      0x168 /usr/local/lpcxpresso_6.1.4_194/lpcxpresso/tools/bin/../lib/gcc/arm-none-eabi/4.6.2/armv7-m/libcr_eabihelpers.a(double.o)
                0x00003648                __aeabi_ddiv
 .text.__aeabi_dsub
                0x000037b0      0x1f4 /usr/local/lpcxpresso_6.1.4_194/lpcxpresso/tools/bin/../lib/gcc/arm-none-eabi/4.6.2/armv7-m/libcr_eabihelpers.a(double.o)
                0x000037b0                __aeabi_dsub
 .text.__aeabi_dadd
                0x000039a4      0x154 /usr/local/lpcxpresso_6.1.4_194/lpcxpresso/tools/bin/../lib/gcc/arm-none-eabi/4.6.2/armv7-m/libcr_eabihelpers.a(double.o)
                0x000039a4                __aeabi_dadd
 .text.__aeabi_d2iz
                0x00003af8       0x40 /usr/local/lpcxpresso_6.1.4_194/lpcxpresso/tools/bin/../lib/gcc/arm-none-eabi/4.6.2/armv7-m/libcr_eabihelpers.a(double.o)
                0x00003af8                __aeabi_d2iz
 .text.__bhs_ui2d
                0x00003b38       0x5c /usr/local/lpcxpresso_6.1.4_194/lpcxpresso/tools/bin/../lib/gcc/arm-none-eabi/4.6.2/armv7-m/libcr_eabihelpers.a(double.o)
                0x00003b38                __bhs_ui2d
 .text.__aeabi_i2d
                0x00003b94       0x10 /usr/local/lpcxpresso_6.1.4_194/lpcxpresso/tools/bin/../lib/gcc/arm-none-eabi/4.6.2/armv7-m/libcr_eabihelpers.a(double.o)
                0x00003b94                __aeabi_i2d
 .text.__aeabi_dcmpeq
                0x00003ba4       0x3c /usr/local/lpcxpresso_6.1.4_194/lpcxpresso/tools/bin/../lib/gcc/arm-none-eabi/4.6.2/armv7-m/libcr_eabihelpers.a(double.o)
                0x00003ba4                __aeabi_dcmpeq
 .text.__aeabi_dcmplt
                0x00003be0       0x5c /usr/local/lpcxpresso_6.1.4_194/lpcxpresso/tools/bin/../lib/gcc/arm-none-eabi/4.6.2/armv7-m/libcr_eabihelpers.a(double.o)
                0x00003be0                __aeabi_dcmplt
 .text.__aeabi_dcmple
                0x00003c3c       0x58 /usr/local/lpcxpresso_6.1.4_194/lpcxpresso/tools/bin/../lib/gcc/arm-none-eabi/4.6.2/armv7-m/libcr_eabihelpers.a(double.o)
                0x00003c3c                __aeabi_dcmple
 .text.__aeabi_dcmpge
                0x00003c94       0x5c /usr/local/lpcxpresso_6.1.4_194/lpcxpresso/tools/bin/../lib/gcc/arm-none-eabi/4.6.2/armv7-m/libcr_eabihelpers.a(double.o)
                0x00003c94                __aeabi_dcmpge
 .text.__aeabi_memset_lowlevel
                0x00003cf0       0x24 /usr/local/lpcxpresso_6.1.4_194/lpcxpresso/tools/bin/../lib/gcc/arm-none-eabi/4.6.2/armv7-m/libcr_eabihelpers.a(memcpy.o)
                0x00003cf0                __aeabi_lowlevel_memset
 .text.__sys_appexit
                0x00003d14        0xc /usr/local/lpcxpresso_6.1.4_194/lpcxpresso/tools/bin/../lib/gcc/arm-none-eabi/4.6.2/../../../../arm-none-eabi/lib/armv7-m/libcr_semihost.a(__sys_appexit.o)
                0x00003d14                __exit
                0x00003d14                __sys_appexit
 .text.__sys_close
                0x00003d20        0xc /usr/local/lpcxpresso_6.1.4_194/lpcxpresso/tools/bin/../lib/gcc/arm-none-eabi/4.6.2/../../../../arm-none-eabi/lib/armv7-m/libcr_semihost.a(__sys_close.o)
                0x00003d20                __sys_close
 .text.__sys_flen
                0x00003d2c        0xc /usr/local/lpcxpresso_6.1.4_194/lpcxpresso/tools/bin/../lib/gcc/arm-none-eabi/4.6.2/../../../../arm-none-eabi/lib/armv7-m/libcr_semihost.a(__sys_flen.o)
                0x00003d2c                __sys_flen
 .text.__sys_istty
                0x00003d38        0xc /usr/local/lpcxpresso_6.1.4_194/lpcxpresso/tools/bin/../lib/gcc/arm-none-eabi/4.6.2/../../../../arm-none-eabi/lib/armv7-m/libcr_semihost.a(__sys_istty.o)
                0x00003d38                __sys_istty
 .text.__sys_remove
                0x00003d44        0xc /usr/local/lpcxpresso_6.1.4_194/lpcxpresso/tools/bin/../lib/gcc/arm-none-eabi/4.6.2/../../../../arm-none-eabi/lib/armv7-m/libcr_semihost.a(__sys_remove.o)
                0x00003d44                __sys_remove
 .text.__sys_seek
                0x00003d50        0xc /usr/local/lpcxpresso_6.1.4_194/lpcxpresso/tools/bin/../lib/gcc/arm-none-eabi/4.6.2/../../../../arm-none-eabi/lib/armv7-m/libcr_semihost.a(__sys_seek.o)
                0x00003d50                __sys_seek
 .text.__sys_tmpnam
                0x00003d5c        0xc /usr/local/lpcxpresso_6.1.4_194/lpcxpresso/tools/bin/../lib/gcc/arm-none-eabi/4.6.2/../../../../arm-none-eabi/lib/armv7-m/libcr_semihost.a(__sys_tmpnam.o)
                0x00003d5c                __sys_tmpnam
 .text._sbrk    0x00003d68       0x40 /usr/local/lpcxpresso_6.1.4_194/lpcxpresso/tools/bin/../lib/gcc/arm-none-eabi/4.6.2/../../../../arm-none-eabi/lib/armv7-m/libcr_semihost.a(_cr_sbrk.o)
                0x00003d68                _sbrk
 .text.__check_heap_overflow
                0x00003da8       0x2c /usr/local/lpcxpresso_6.1.4_194/lpcxpresso/tools/bin/../lib/gcc/arm-none-eabi/4.6.2/../../../../arm-none-eabi/lib/armv7-m/libcr_semihost.a(_cr_check_heap.o)
                0x00003da8                __check_heap_overflow
 *(.rodata .rodata.* .constdata .constdata.*)
 .rodata        0x00003dd4       0x38 ./main.o
 .rodata.str1.4
                0x00003e0c        0x8 /home/lucasrangit/Workspaces/LPCXpresso/FreeRTOS_Library/Debug/libFreeRTOS_Library.a(basic_io.o)
 .rodata        0x00003e14       0x14 /home/lucasrangit/Workspaces/LPCXpresso/FreeRTOS_Library/Debug/libFreeRTOS_Library.a(tasks.o)
 .rodata.str1.4
                0x00003e28        0x8 /home/lucasrangit/Workspaces/LPCXpresso/FreeRTOS_Library/Debug/libFreeRTOS_Library.a(tasks.o)
 .rodata.str1.1
                0x00003e30       0x34 /usr/local/lpcxpresso_6.1.4_194/lpcxpresso/tools/bin/../lib/gcc/arm-none-eabi/4.6.2/../../../../arm-none-eabi/lib/armv7-m/libcr_c.a(fpprintf.o)
                                 0x35 (size before relaxing)
 .rodata.str1.1
                0x00003e64        0x4 /usr/local/lpcxpresso_6.1.4_194/lpcxpresso/tools/bin/../lib/gcc/arm-none-eabi/4.6.2/../../../../arm-none-eabi/lib/armv7-m/libcr_c.a(initio.o)
 .rodata.str1.1
                0x00003e68       0x31 /usr/local/lpcxpresso_6.1.4_194/lpcxpresso/tools/bin/../lib/gcc/arm-none-eabi/4.6.2/../../../../arm-none-eabi/lib/armv7-m/libcr_c.a(printf.o)
                                 0x38 (size before relaxing)
 .rodata.str1.1
                0x00003e99       0x18 /usr/local/lpcxpresso_6.1.4_194/lpcxpresso/tools/bin/../lib/gcc/arm-none-eabi/4.6.2/../../../../arm-none-eabi/lib/armv7-m/libcr_c.a(alloc.o)
 *fill*         0x00003eb1        0x7 00
 .rodata.__huge_vall
                0x00003eb8        0x8 /usr/local/lpcxpresso_6.1.4_194/lpcxpresso/tools/bin/../lib/gcc/arm-none-eabi/4.6.2/../../../../arm-none-eabi/lib/armv7-m/libcr_c.a(_hugeval.o)
                0x00003eb8                __huge_vall
                0x00003ec0                . = ALIGN (0x4)

.glue_7         0x00003ec0        0x0
 .glue_7        0x00000000        0x0 linker stubs

.glue_7t        0x00003ec0        0x0
 .glue_7t       0x00000000        0x0 linker stubs

.vfp11_veneer   0x00003ec0        0x0
 .vfp11_veneer  0x00000000        0x0 linker stubs

.v4_bx          0x00003ec0        0x0
 .v4_bx         0x00000000        0x0 linker stubs

.ARM.extab
 *(.ARM.extab* .gnu.linkonce.armextab.*)
                0x00003ec0                __exidx_start = .

.ARM.exidx
 *(.ARM.exidx* .gnu.linkonce.armexidx.*)
                0x00003ec0                __exidx_end = .
                0x00003ec0                _etext = .

.data_RAM2      0x2007c000        0x0 load address 0x00003ec0
 FILL mask 0xff
 *(.data.$RAM2*)
 *(.data.$RamAHB32*)
                0x2007c000                . = ALIGN (0x4)

.uninit_RESERVED
                0x10000000        0x0
 *(.bss.$RESERVED*)
                0x10000000                . = ALIGN (0x4)
                0x10000000                _end_uninit_RESERVED = .

.data           0x10000000       0x10 load address 0x00003ec0
 FILL mask 0xff
                0x10000000                _data = .
 *(vtable)
 *(.data*)
 .data          0x10000000        0x8 ./main.o
                0x10000000                pcTextForTask1
                0x10000004                pcTextForTask2
 .data          0x10000008        0x4 /home/lucasrangit/Workspaces/LPCXpresso/FreeRTOS_Library/Debug/libFreeRTOS_Library.a(port.o)
 .data          0x1000000c        0x4 /home/lucasrangit/Workspaces/LPCXpresso/FreeRTOS_Library/Debug/libFreeRTOS_Library.a(heap_2.o)
                0x10000010                . = ALIGN (0x4)
                0x10000010                _edata = .

.bss_RAM2       0x2007c000        0x0
 *(.bss.$RAM2*)
 *(.bss.$RamAHB32*)
                0x2007c000                . = ALIGN (0x4)

.bss            0x10000010     0x2aa0
                0x10000010                _bss = .
 *(.bss*)
 .bss           0x10000010       0x34 /home/lucasrangit/Workspaces/LPCXpresso/FreeRTOS_Library/Debug/libFreeRTOS_Library.a(basic_io.o)
 .bss           0x10000044      0x100 /home/lucasrangit/Workspaces/LPCXpresso/FreeRTOS_Library/Debug/libFreeRTOS_Library.a(tasks.o)
                0x10000048                pxCurrentTCB
 *fill*         0x10000144        0x4 00
 .bss           0x10000148     0x2818 /home/lucasrangit/Workspaces/LPCXpresso/FreeRTOS_Library/Debug/libFreeRTOS_Library.a(heap_2.o)
 .bss.errno     0x10002960        0x4 /usr/local/lpcxpresso_6.1.4_194/lpcxpresso/tools/bin/../lib/gcc/arm-none-eabi/4.6.2/../../../../arm-none-eabi/lib/armv7-m/libcr_c.a(errno.o)
                0x10002960                errno
 *(COMMON)
 COMMON         0x10002964        0x4 /usr/local/lpcxpresso_6.1.4_194/lpcxpresso/tools/bin/../lib/gcc/arm-none-eabi/4.6.2/../../../../arm-none-eabi/lib/armv7-m/libcr_c.a(initio.o)
                0x10002964                _extra
 COMMON         0x10002968      0x140 /usr/local/lpcxpresso_6.1.4_194/lpcxpresso/tools/bin/../lib/gcc/arm-none-eabi/4.6.2/../../../../arm-none-eabi/lib/armv7-m/libcr_c.a(stdio.o)
                0x10002968                __Ciob
 COMMON         0x10002aa8        0x8 /usr/local/lpcxpresso_6.1.4_194/lpcxpresso/tools/bin/../lib/gcc/arm-none-eabi/4.6.2/../../../../arm-none-eabi/lib/armv7-m/libcr_c.a(__init_alloc.o)
                0x10002aa8                __heaps
                0x10002aac                __end_of_heap
                0x10002ab0                . = ALIGN (0x4)
                0x10002ab0                _ebss = .
                0x10002ab0                PROVIDE (end, .)

.noinit_RAM2    0x2007c000        0x0
 *(.noinit.$RAM2*)
 *(.noinit.$RamAHB32*)
                0x2007c000                . = ALIGN (0x4)

.noinit         0x10002ab0        0x0
                0x10002ab0                _noinit = .
 *(.noinit*)
                0x10002ab0                . = ALIGN (0x4)
                0x10002ab0                _end_noinit = .
                0x10002ab0                PROVIDE (_pvHeapStart, .)
                0x10008000                PROVIDE (_vStackTop, (__top_RamLoc32 - 0x0))
OUTPUT(Example04.axf elf32-littlearm)

.debug_info     0x00000000     0x1f8a
 .debug_info    0x00000000      0x210 ./cr_startup_lpc17.o
 .debug_info    0x00000210      0x1cf ./main.o
 .debug_info    0x000003df      0x385 /home/lucasrangit/Workspaces/LPCXpresso/CMSISv1p30_LPC17xx/Debug/libCMSISv1p30_LPC17xx.a(system_LPC17xx.o)
 .debug_info    0x00000764      0x220 /home/lucasrangit/Workspaces/LPCXpresso/FreeRTOS_Library/Debug/libFreeRTOS_Library.a(port.o)
 .debug_info    0x00000984      0x12c /home/lucasrangit/Workspaces/LPCXpresso/FreeRTOS_Library/Debug/libFreeRTOS_Library.a(basic_io.o)
 .debug_info    0x00000ab0       0xaa /home/lucasrangit/Workspaces/LPCXpresso/FreeRTOS_Library/Debug/libFreeRTOS_Library.a(consoleprint.o)
 .debug_info    0x00000b5a      0xe7c /home/lucasrangit/Workspaces/LPCXpresso/FreeRTOS_Library/Debug/libFreeRTOS_Library.a(tasks.o)
 .debug_info    0x000019d6      0x2ef /home/lucasrangit/Workspaces/LPCXpresso/FreeRTOS_Library/Debug/libFreeRTOS_Library.a(heap_2.o)
 .debug_info    0x00001cc5      0x2c5 /home/lucasrangit/Workspaces/LPCXpresso/FreeRTOS_Library/Debug/libFreeRTOS_Library.a(list.o)

.debug_abbrev   0x00000000      0x9e8
 .debug_abbrev  0x00000000       0xb4 ./cr_startup_lpc17.o
 .debug_abbrev  0x000000b4       0xe6 ./main.o
 .debug_abbrev  0x0000019a       0xce /home/lucasrangit/Workspaces/LPCXpresso/CMSISv1p30_LPC17xx/Debug/libCMSISv1p30_LPC17xx.a(system_LPC17xx.o)
 .debug_abbrev  0x00000268      0x141 /home/lucasrangit/Workspaces/LPCXpresso/FreeRTOS_Library/Debug/libFreeRTOS_Library.a(port.o)
 .debug_abbrev  0x000003a9       0x9b /home/lucasrangit/Workspaces/LPCXpresso/FreeRTOS_Library/Debug/libFreeRTOS_Library.a(basic_io.o)
 .debug_abbrev  0x00000444       0x7b /home/lucasrangit/Workspaces/LPCXpresso/FreeRTOS_Library/Debug/libFreeRTOS_Library.a(consoleprint.o)
 .debug_abbrev  0x000004bf      0x2b1 /home/lucasrangit/Workspaces/LPCXpresso/FreeRTOS_Library/Debug/libFreeRTOS_Library.a(tasks.o)
 .debug_abbrev  0x00000770      0x19e /home/lucasrangit/Workspaces/LPCXpresso/FreeRTOS_Library/Debug/libFreeRTOS_Library.a(heap_2.o)
 .debug_abbrev  0x0000090e       0xda /home/lucasrangit/Workspaces/LPCXpresso/FreeRTOS_Library/Debug/libFreeRTOS_Library.a(list.o)

.debug_loc      0x00000000     0x11d9
 .debug_loc     0x00000000      0x1f0 ./cr_startup_lpc17.o
 .debug_loc     0x000001f0      0x12c ./main.o
 .debug_loc     0x0000031c       0x58 /home/lucasrangit/Workspaces/LPCXpresso/CMSISv1p30_LPC17xx/Debug/libCMSISv1p30_LPC17xx.a(system_LPC17xx.o)
 .debug_loc     0x00000374       0x94 /home/lucasrangit/Workspaces/LPCXpresso/FreeRTOS_Library/Debug/libFreeRTOS_Library.a(port.o)
 .debug_loc     0x00000408       0x9a /home/lucasrangit/Workspaces/LPCXpresso/FreeRTOS_Library/Debug/libFreeRTOS_Library.a(basic_io.o)
 .debug_loc     0x000004a2       0x5c /home/lucasrangit/Workspaces/LPCXpresso/FreeRTOS_Library/Debug/libFreeRTOS_Library.a(consoleprint.o)
 .debug_loc     0x000004fe      0xa90 /home/lucasrangit/Workspaces/LPCXpresso/FreeRTOS_Library/Debug/libFreeRTOS_Library.a(tasks.o)
 .debug_loc     0x00000f8e      0x201 /home/lucasrangit/Workspaces/LPCXpresso/FreeRTOS_Library/Debug/libFreeRTOS_Library.a(heap_2.o)
 .debug_loc     0x0000118f       0x4a /home/lucasrangit/Workspaces/LPCXpresso/FreeRTOS_Library/Debug/libFreeRTOS_Library.a(list.o)

.debug_aranges  0x00000000      0x1a0
 .debug_aranges
                0x00000000       0x70 ./cr_startup_lpc17.o
 .debug_aranges
                0x00000070       0x48 ./main.o
 .debug_aranges
                0x000000b8       0x28 /home/lucasrangit/Workspaces/LPCXpresso/CMSISv1p30_LPC17xx/Debug/libCMSISv1p30_LPC17xx.a(system_LPC17xx.o)
 .debug_aranges
                0x000000e0       0x20 /home/lucasrangit/Workspaces/LPCXpresso/FreeRTOS_Library/Debug/libFreeRTOS_Library.a(port.o)
 .debug_aranges
                0x00000100       0x20 /home/lucasrangit/Workspaces/LPCXpresso/FreeRTOS_Library/Debug/libFreeRTOS_Library.a(basic_io.o)
 .debug_aranges
                0x00000120       0x20 /home/lucasrangit/Workspaces/LPCXpresso/FreeRTOS_Library/Debug/libFreeRTOS_Library.a(consoleprint.o)
 .debug_aranges
                0x00000140       0x20 /home/lucasrangit/Workspaces/LPCXpresso/FreeRTOS_Library/Debug/libFreeRTOS_Library.a(tasks.o)
 .debug_aranges
                0x00000160       0x20 /home/lucasrangit/Workspaces/LPCXpresso/FreeRTOS_Library/Debug/libFreeRTOS_Library.a(heap_2.o)
 .debug_aranges
                0x00000180       0x20 /home/lucasrangit/Workspaces/LPCXpresso/FreeRTOS_Library/Debug/libFreeRTOS_Library.a(list.o)

.debug_ranges   0x00000000      0x128
 .debug_ranges  0x00000000       0x60 ./cr_startup_lpc17.o
 .debug_ranges  0x00000060       0x38 ./main.o
 .debug_ranges  0x00000098       0x18 /home/lucasrangit/Workspaces/LPCXpresso/CMSISv1p30_LPC17xx/Debug/libCMSISv1p30_LPC17xx.a(system_LPC17xx.o)
 .debug_ranges  0x000000b0       0x78 /home/lucasrangit/Workspaces/LPCXpresso/FreeRTOS_Library/Debug/libFreeRTOS_Library.a(tasks.o)

.debug_line     0x00000000     0x2c5b
 .debug_line    0x00000000      0x45d ./cr_startup_lpc17.o
 .debug_line    0x0000045d      0x562 ./main.o
 .debug_line    0x000009bf      0x412 /home/lucasrangit/Workspaces/LPCXpresso/CMSISv1p30_LPC17xx/Debug/libCMSISv1p30_LPC17xx.a(system_LPC17xx.o)
 .debug_line    0x00000dd1      0x4dc /home/lucasrangit/Workspaces/LPCXpresso/FreeRTOS_Library/Debug/libFreeRTOS_Library.a(port.o)
 .debug_line    0x000012ad      0x4dc /home/lucasrangit/Workspaces/LPCXpresso/FreeRTOS_Library/Debug/libFreeRTOS_Library.a(basic_io.o)
 .debug_line    0x00001789      0x2e8 /home/lucasrangit/Workspaces/LPCXpresso/FreeRTOS_Library/Debug/libFreeRTOS_Library.a(consoleprint.o)
 .debug_line    0x00001a71      0x7f8 /home/lucasrangit/Workspaces/LPCXpresso/FreeRTOS_Library/Debug/libFreeRTOS_Library.a(tasks.o)
 .debug_line    0x00002269      0x516 /home/lucasrangit/Workspaces/LPCXpresso/FreeRTOS_Library/Debug/libFreeRTOS_Library.a(heap_2.o)
 .debug_line    0x0000277f      0x4dc /home/lucasrangit/Workspaces/LPCXpresso/FreeRTOS_Library/Debug/libFreeRTOS_Library.a(list.o)

.debug_macinfo  0x00000000    0x4a3f4
 .debug_macinfo
                0x00000000     0x3d1a ./cr_startup_lpc17.o
 .debug_macinfo
                0x00003d1a     0x9bbd ./main.o
 .debug_macinfo
                0x0000d8d7     0x83f8 /home/lucasrangit/Workspaces/LPCXpresso/CMSISv1p30_LPC17xx/Debug/libCMSISv1p30_LPC17xx.a(system_LPC17xx.o)
 .debug_macinfo
                0x00015ccf     0x9de1 /home/lucasrangit/Workspaces/LPCXpresso/FreeRTOS_Library/Debug/libFreeRTOS_Library.a(port.o)
 .debug_macinfo
                0x0001fab0     0x9e2d /home/lucasrangit/Workspaces/LPCXpresso/FreeRTOS_Library/Debug/libFreeRTOS_Library.a(basic_io.o)
 .debug_macinfo
                0x000298dd     0x2b75 /home/lucasrangit/Workspaces/LPCXpresso/FreeRTOS_Library/Debug/libFreeRTOS_Library.a(consoleprint.o)
 .debug_macinfo
                0x0002c452     0xa761 /home/lucasrangit/Workspaces/LPCXpresso/FreeRTOS_Library/Debug/libFreeRTOS_Library.a(tasks.o)
 .debug_macinfo
                0x00036bb3     0x9f77 /home/lucasrangit/Workspaces/LPCXpresso/FreeRTOS_Library/Debug/libFreeRTOS_Library.a(heap_2.o)
 .debug_macinfo
                0x00040b2a     0x98ca /home/lucasrangit/Workspaces/LPCXpresso/FreeRTOS_Library/Debug/libFreeRTOS_Library.a(list.o)

.debug_str      0x00000000      0xf54
 .debug_str     0x00000000      0x1cc ./cr_startup_lpc17.o
                                0x200 (size before relaxing)
 .debug_str     0x000001cc       0xe5 ./main.o
                                0x1f6 (size before relaxing)
 .debug_str     0x000002b1      0x1dd /home/lucasrangit/Workspaces/LPCXpresso/CMSISv1p30_LPC17xx/Debug/libCMSISv1p30_LPC17xx.a(system_LPC17xx.o)
                                0x2ac (size before relaxing)
 .debug_str     0x0000048e      0x172 /home/lucasrangit/Workspaces/LPCXpresso/FreeRTOS_Library/Debug/libFreeRTOS_Library.a(port.o)
                                0x26d (size before relaxing)
 .debug_str     0x00000600       0x54 /home/lucasrangit/Workspaces/LPCXpresso/FreeRTOS_Library/Debug/libFreeRTOS_Library.a(basic_io.o)
                                0x179 (size before relaxing)
 .debug_str     0x00000654       0x37 /home/lucasrangit/Workspaces/LPCXpresso/FreeRTOS_Library/Debug/libFreeRTOS_Library.a(consoleprint.o)
                                0x101 (size before relaxing)
 .debug_str     0x0000068b      0x6e7 /home/lucasrangit/Workspaces/LPCXpresso/FreeRTOS_Library/Debug/libFreeRTOS_Library.a(tasks.o)
                                0x8c1 (size before relaxing)
 .debug_str     0x00000d72      0x150 /home/lucasrangit/Workspaces/LPCXpresso/FreeRTOS_Library/Debug/libFreeRTOS_Library.a(heap_2.o)
                                0x294 (size before relaxing)
 .debug_str     0x00000ec2       0x92 /home/lucasrangit/Workspaces/LPCXpresso/FreeRTOS_Library/Debug/libFreeRTOS_Library.a(list.o)
                                0x25b (size before relaxing)

.comment        0x00000000       0xe0
 .comment       0x00000000       0x70 ./cr_startup_lpc17.o
                                 0x71 (size before relaxing)
 .comment       0x00000000       0x71 ./main.o
 .comment       0x00000000       0x71 /home/lucasrangit/Workspaces/LPCXpresso/CMSISv1p30_LPC17xx/Debug/libCMSISv1p30_LPC17xx.a(system_LPC17xx.o)
 .comment       0x00000000       0x71 /home/lucasrangit/Workspaces/LPCXpresso/FreeRTOS_Library/Debug/libFreeRTOS_Library.a(port.o)
 .comment       0x00000000       0x71 /home/lucasrangit/Workspaces/LPCXpresso/FreeRTOS_Library/Debug/libFreeRTOS_Library.a(basic_io.o)
 .comment       0x00000000       0x71 /home/lucasrangit/Workspaces/LPCXpresso/FreeRTOS_Library/Debug/libFreeRTOS_Library.a(consoleprint.o)
 .comment       0x00000000       0x71 /home/lucasrangit/Workspaces/LPCXpresso/FreeRTOS_Library/Debug/libFreeRTOS_Library.a(tasks.o)
 .comment       0x00000000       0x71 /home/lucasrangit/Workspaces/LPCXpresso/FreeRTOS_Library/Debug/libFreeRTOS_Library.a(heap_2.o)
 .comment       0x00000000       0x71 /home/lucasrangit/Workspaces/LPCXpresso/FreeRTOS_Library/Debug/libFreeRTOS_Library.a(list.o)
 .comment       0x00000070       0x70 /usr/local/lpcxpresso_6.1.4_194/lpcxpresso/tools/bin/../lib/gcc/arm-none-eabi/4.6.2/../../../../arm-none-eabi/lib/armv7-m/libcr_semihost.a(_cr__main.o)
                                 0x71 (size before relaxing)
 .comment       0x00000000       0x71 /usr/local/lpcxpresso_6.1.4_194/lpcxpresso/tools/bin/../lib/gcc/arm-none-eabi/4.6.2/../../../../arm-none-eabi/lib/armv7-m/libcr_c.a(memset.o)
 .comment       0x00000000       0x71 /usr/local/lpcxpresso_6.1.4_194/lpcxpresso/tools/bin/../lib/gcc/arm-none-eabi/4.6.2/../../../../arm-none-eabi/lib/armv7-m/libcr_c.a(fpprintf.o)
 .comment       0x00000000       0x71 /usr/local/lpcxpresso_6.1.4_194/lpcxpresso/tools/bin/../lib/gcc/arm-none-eabi/4.6.2/../../../../arm-none-eabi/lib/armv7-m/libcr_c.a(initio.o)
 .comment       0x00000000       0x71 /usr/local/lpcxpresso_6.1.4_194/lpcxpresso/tools/bin/../lib/gcc/arm-none-eabi/4.6.2/../../../../arm-none-eabi/lib/armv7-m/libcr_c.a(memcmp.o)
 .comment       0x00000000       0x71 /usr/local/lpcxpresso_6.1.4_194/lpcxpresso/tools/bin/../lib/gcc/arm-none-eabi/4.6.2/../../../../arm-none-eabi/lib/armv7-m/libcr_c.a(printf.o)
 .comment       0x00000000       0x71 /usr/local/lpcxpresso_6.1.4_194/lpcxpresso/tools/bin/../lib/gcc/arm-none-eabi/4.6.2/../../../../arm-none-eabi/lib/armv7-m/libcr_c.a(setvbuf.o)
 .comment       0x00000000       0x71 /usr/local/lpcxpresso_6.1.4_194/lpcxpresso/tools/bin/../lib/gcc/arm-none-eabi/4.6.2/../../../../arm-none-eabi/lib/armv7-m/libcr_c.a(stdio.o)
 .comment       0x00000000       0x71 /usr/local/lpcxpresso_6.1.4_194/lpcxpresso/tools/bin/../lib/gcc/arm-none-eabi/4.6.2/../../../../arm-none-eabi/lib/armv7-m/libcr_c.a(strcpy.o)
 .comment       0x00000000       0x71 /usr/local/lpcxpresso_6.1.4_194/lpcxpresso/tools/bin/../lib/gcc/arm-none-eabi/4.6.2/../../../../arm-none-eabi/lib/armv7-m/libcr_c.a(strlen.o)
 .comment       0x00000000       0x71 /usr/local/lpcxpresso_6.1.4_194/lpcxpresso/tools/bin/../lib/gcc/arm-none-eabi/4.6.2/../../../../arm-none-eabi/lib/armv7-m/libcr_c.a(strncpy.o)
 .comment       0x00000000       0x71 /usr/local/lpcxpresso_6.1.4_194/lpcxpresso/tools/bin/../lib/gcc/arm-none-eabi/4.6.2/../../../../arm-none-eabi/lib/armv7-m/libcr_c.a(__fillbuf.o)
 .comment       0x00000000       0x71 /usr/local/lpcxpresso_6.1.4_194/lpcxpresso/tools/bin/../lib/gcc/arm-none-eabi/4.6.2/../../../../arm-none-eabi/lib/armv7-m/libcr_c.a(_deferredlazyseek.o)
 .comment       0x00000000       0x71 /usr/local/lpcxpresso_6.1.4_194/lpcxpresso/tools/bin/../lib/gcc/arm-none-eabi/4.6.2/../../../../arm-none-eabi/lib/armv7-m/libcr_c.a(_fdopen.o)
 .comment       0x00000000       0x71 /usr/local/lpcxpresso_6.1.4_194/lpcxpresso/tools/bin/../lib/gcc/arm-none-eabi/4.6.2/../../../../arm-none-eabi/lib/armv7-m/libcr_c.a(_fflush.o)
 .comment       0x00000000       0x71 /usr/local/lpcxpresso_6.1.4_194/lpcxpresso/tools/bin/../lib/gcc/arm-none-eabi/4.6.2/../../../../arm-none-eabi/lib/armv7-m/libcr_c.a(_frexpl.o)
 .comment       0x00000000       0x71 /usr/local/lpcxpresso_6.1.4_194/lpcxpresso/tools/bin/../lib/gcc/arm-none-eabi/4.6.2/../../../../arm-none-eabi/lib/armv7-m/libcr_c.a(_ldexpl.o)
 .comment       0x00000000       0x71 /usr/local/lpcxpresso_6.1.4_194/lpcxpresso/tools/bin/../lib/gcc/arm-none-eabi/4.6.2/../../../../arm-none-eabi/lib/armv7-m/libcr_c.a(_writebuf.o)
 .comment       0x00000000       0x71 /usr/local/lpcxpresso_6.1.4_194/lpcxpresso/tools/bin/../lib/gcc/arm-none-eabi/4.6.2/../../../../arm-none-eabi/lib/armv7-m/libcr_c.a(alloc.o)
 .comment       0x00000000       0x71 /usr/local/lpcxpresso_6.1.4_194/lpcxpresso/tools/bin/../lib/gcc/arm-none-eabi/4.6.2/../../../../arm-none-eabi/lib/armv7-m/libcr_c.a(errno.o)
 .comment       0x00000000       0x71 /usr/local/lpcxpresso_6.1.4_194/lpcxpresso/tools/bin/../lib/gcc/arm-none-eabi/4.6.2/../../../../arm-none-eabi/lib/armv7-m/libcr_c.a(fclose.o)
 .comment       0x00000000       0x71 /usr/local/lpcxpresso_6.1.4_194/lpcxpresso/tools/bin/../lib/gcc/arm-none-eabi/4.6.2/../../../../arm-none-eabi/lib/armv7-m/libcr_c.a(fflush.o)
 .comment       0x00000000       0x71 /usr/local/lpcxpresso_6.1.4_194/lpcxpresso/tools/bin/../lib/gcc/arm-none-eabi/4.6.2/../../../../arm-none-eabi/lib/armv7-m/libcr_c.a(fseek.o)
 .comment       0x00000000       0x71 /usr/local/lpcxpresso_6.1.4_194/lpcxpresso/tools/bin/../lib/gcc/arm-none-eabi/4.6.2/../../../../arm-none-eabi/lib/armv7-m/libcr_c.a(ftell.o)
 .comment       0x00000000       0x71 /usr/local/lpcxpresso_6.1.4_194/lpcxpresso/tools/bin/../lib/gcc/arm-none-eabi/4.6.2/../../../../arm-none-eabi/lib/armv7-m/libcr_c.a(remove.o)
 .comment       0x00000000       0x71 /usr/local/lpcxpresso_6.1.4_194/lpcxpresso/tools/bin/../lib/gcc/arm-none-eabi/4.6.2/../../../../arm-none-eabi/lib/armv7-m/libcr_c.a(memcpy.o)
 .comment       0x00000000       0x71 /usr/local/lpcxpresso_6.1.4_194/lpcxpresso/tools/bin/../lib/gcc/arm-none-eabi/4.6.2/../../../../arm-none-eabi/lib/armv7-m/libcr_c.a(__init_alloc.o)
 .comment       0x00000000       0x71 /usr/local/lpcxpresso_6.1.4_194/lpcxpresso/tools/bin/../lib/gcc/arm-none-eabi/4.6.2/../../../../arm-none-eabi/lib/armv7-m/libcr_c.a(_do_fflush.o)
 .comment       0x00000000       0x71 /usr/local/lpcxpresso_6.1.4_194/lpcxpresso/tools/bin/../lib/gcc/arm-none-eabi/4.6.2/../../../../arm-none-eabi/lib/armv7-m/libcr_c.a(_hugeval.o)
 .comment       0x00000000       0x71 /usr/local/lpcxpresso_6.1.4_194/lpcxpresso/tools/bin/../lib/gcc/arm-none-eabi/4.6.2/armv7-m/libcr_eabihelpers.a(double.o)
 .comment       0x00000000       0x71 /usr/local/lpcxpresso_6.1.4_194/lpcxpresso/tools/bin/../lib/gcc/arm-none-eabi/4.6.2/../../../../arm-none-eabi/lib/armv7-m/libcr_semihost.a(_cr_sbrk.o)
 .comment       0x00000000       0x71 /usr/local/lpcxpresso_6.1.4_194/lpcxpresso/tools/bin/../lib/gcc/arm-none-eabi/4.6.2/../../../../arm-none-eabi/lib/armv7-m/libcr_semihost.a(_cr_check_heap.o)

.ARM.attributes
                0x00000000       0x31
 .ARM.attributes
                0x00000000       0x33 ./cr_startup_lpc17.o
 .ARM.attributes
                0x00000033       0x33 ./main.o
 .ARM.attributes
                0x00000066       0x33 /home/lucasrangit/Workspaces/LPCXpresso/CMSISv1p30_LPC17xx/Debug/libCMSISv1p30_LPC17xx.a(system_LPC17xx.o)
 .ARM.attributes
                0x00000099       0x33 /home/lucasrangit/Workspaces/LPCXpresso/FreeRTOS_Library/Debug/libFreeRTOS_Library.a(port.o)
 .ARM.attributes
                0x000000cc       0x33 /home/lucasrangit/Workspaces/LPCXpresso/FreeRTOS_Library/Debug/libFreeRTOS_Library.a(basic_io.o)
 .ARM.attributes
                0x000000ff       0x33 /home/lucasrangit/Workspaces/LPCXpresso/FreeRTOS_Library/Debug/libFreeRTOS_Library.a(consoleprint.o)
 .ARM.attributes
                0x00000132       0x33 /home/lucasrangit/Workspaces/LPCXpresso/FreeRTOS_Library/Debug/libFreeRTOS_Library.a(tasks.o)
 .ARM.attributes
                0x00000165       0x33 /home/lucasrangit/Workspaces/LPCXpresso/FreeRTOS_Library/Debug/libFreeRTOS_Library.a(heap_2.o)
 .ARM.attributes
                0x00000198       0x33 /home/lucasrangit/Workspaces/LPCXpresso/FreeRTOS_Library/Debug/libFreeRTOS_Library.a(list.o)
 .ARM.attributes
                0x000001cb       0x21 /usr/local/lpcxpresso_6.1.4_194/lpcxpresso/tools/bin/../lib/gcc/arm-none-eabi/4.6.2/../../../../arm-none-eabi/lib/armv7-m/libcr_semihost.a(__sys_write.o)
 .ARM.attributes
                0x000001ec       0x33 /usr/local/lpcxpresso_6.1.4_194/lpcxpresso/tools/bin/../lib/gcc/arm-none-eabi/4.6.2/../../../../arm-none-eabi/lib/armv7-m/libcr_semihost.a(_cr__main.o)
 .ARM.attributes
                0x0000021f       0x33 /usr/local/lpcxpresso_6.1.4_194/lpcxpresso/tools/bin/../lib/gcc/arm-none-eabi/4.6.2/../../../../arm-none-eabi/lib/armv7-m/libcr_c.a(memset.o)
 .ARM.attributes
                0x00000252       0x33 /usr/local/lpcxpresso_6.1.4_194/lpcxpresso/tools/bin/../lib/gcc/arm-none-eabi/4.6.2/../../../../arm-none-eabi/lib/armv7-m/libcr_c.a(fpprintf.o)
 .ARM.attributes
                0x00000285       0x33 /usr/local/lpcxpresso_6.1.4_194/lpcxpresso/tools/bin/../lib/gcc/arm-none-eabi/4.6.2/../../../../arm-none-eabi/lib/armv7-m/libcr_c.a(initio.o)
 .ARM.attributes
                0x000002b8       0x33 /usr/local/lpcxpresso_6.1.4_194/lpcxpresso/tools/bin/../lib/gcc/arm-none-eabi/4.6.2/../../../../arm-none-eabi/lib/armv7-m/libcr_c.a(memcmp.o)
 .ARM.attributes
                0x000002eb       0x33 /usr/local/lpcxpresso_6.1.4_194/lpcxpresso/tools/bin/../lib/gcc/arm-none-eabi/4.6.2/../../../../arm-none-eabi/lib/armv7-m/libcr_c.a(printf.o)
 .ARM.attributes
                0x0000031e       0x33 /usr/local/lpcxpresso_6.1.4_194/lpcxpresso/tools/bin/../lib/gcc/arm-none-eabi/4.6.2/../../../../arm-none-eabi/lib/armv7-m/libcr_c.a(setvbuf.o)
 .ARM.attributes
                0x00000351       0x33 /usr/local/lpcxpresso_6.1.4_194/lpcxpresso/tools/bin/../lib/gcc/arm-none-eabi/4.6.2/../../../../arm-none-eabi/lib/armv7-m/libcr_c.a(stdio.o)
 .ARM.attributes
                0x00000384       0x33 /usr/local/lpcxpresso_6.1.4_194/lpcxpresso/tools/bin/../lib/gcc/arm-none-eabi/4.6.2/../../../../arm-none-eabi/lib/armv7-m/libcr_c.a(strcpy.o)
 .ARM.attributes
                0x000003b7       0x33 /usr/local/lpcxpresso_6.1.4_194/lpcxpresso/tools/bin/../lib/gcc/arm-none-eabi/4.6.2/../../../../arm-none-eabi/lib/armv7-m/libcr_c.a(strlen.o)
 .ARM.attributes
                0x000003ea       0x33 /usr/local/lpcxpresso_6.1.4_194/lpcxpresso/tools/bin/../lib/gcc/arm-none-eabi/4.6.2/../../../../arm-none-eabi/lib/armv7-m/libcr_c.a(strncpy.o)
 .ARM.attributes
                0x0000041d       0x33 /usr/local/lpcxpresso_6.1.4_194/lpcxpresso/tools/bin/../lib/gcc/arm-none-eabi/4.6.2/../../../../arm-none-eabi/lib/armv7-m/libcr_c.a(__fillbuf.o)
 .ARM.attributes
                0x00000450       0x33 /usr/local/lpcxpresso_6.1.4_194/lpcxpresso/tools/bin/../lib/gcc/arm-none-eabi/4.6.2/../../../../arm-none-eabi/lib/armv7-m/libcr_c.a(_deferredlazyseek.o)
 .ARM.attributes
                0x00000483       0x33 /usr/local/lpcxpresso_6.1.4_194/lpcxpresso/tools/bin/../lib/gcc/arm-none-eabi/4.6.2/../../../../arm-none-eabi/lib/armv7-m/libcr_c.a(_fdopen.o)
 .ARM.attributes
                0x000004b6       0x33 /usr/local/lpcxpresso_6.1.4_194/lpcxpresso/tools/bin/../lib/gcc/arm-none-eabi/4.6.2/../../../../arm-none-eabi/lib/armv7-m/libcr_c.a(_fflush.o)
 .ARM.attributes
                0x000004e9       0x33 /usr/local/lpcxpresso_6.1.4_194/lpcxpresso/tools/bin/../lib/gcc/arm-none-eabi/4.6.2/../../../../arm-none-eabi/lib/armv7-m/libcr_c.a(_frexpl.o)
 .ARM.attributes
                0x0000051c       0x33 /usr/local/lpcxpresso_6.1.4_194/lpcxpresso/tools/bin/../lib/gcc/arm-none-eabi/4.6.2/../../../../arm-none-eabi/lib/armv7-m/libcr_c.a(_ldexpl.o)
 .ARM.attributes
                0x0000054f       0x33 /usr/local/lpcxpresso_6.1.4_194/lpcxpresso/tools/bin/../lib/gcc/arm-none-eabi/4.6.2/../../../../arm-none-eabi/lib/armv7-m/libcr_c.a(_writebuf.o)
 .ARM.attributes
                0x00000582       0x33 /usr/local/lpcxpresso_6.1.4_194/lpcxpresso/tools/bin/../lib/gcc/arm-none-eabi/4.6.2/../../../../arm-none-eabi/lib/armv7-m/libcr_c.a(alloc.o)
 .ARM.attributes
                0x000005b5       0x33 /usr/local/lpcxpresso_6.1.4_194/lpcxpresso/tools/bin/../lib/gcc/arm-none-eabi/4.6.2/../../../../arm-none-eabi/lib/armv7-m/libcr_c.a(errno.o)
 .ARM.attributes
                0x000005e8       0x33 /usr/local/lpcxpresso_6.1.4_194/lpcxpresso/tools/bin/../lib/gcc/arm-none-eabi/4.6.2/../../../../arm-none-eabi/lib/armv7-m/libcr_c.a(fclose.o)
 .ARM.attributes
                0x0000061b       0x33 /usr/local/lpcxpresso_6.1.4_194/lpcxpresso/tools/bin/../lib/gcc/arm-none-eabi/4.6.2/../../../../arm-none-eabi/lib/armv7-m/libcr_c.a(fflush.o)
 .ARM.attributes
                0x0000064e       0x33 /usr/local/lpcxpresso_6.1.4_194/lpcxpresso/tools/bin/../lib/gcc/arm-none-eabi/4.6.2/../../../../arm-none-eabi/lib/armv7-m/libcr_c.a(fseek.o)
 .ARM.attributes
                0x00000681       0x33 /usr/local/lpcxpresso_6.1.4_194/lpcxpresso/tools/bin/../lib/gcc/arm-none-eabi/4.6.2/../../../../arm-none-eabi/lib/armv7-m/libcr_c.a(ftell.o)
 .ARM.attributes
                0x000006b4       0x33 /usr/local/lpcxpresso_6.1.4_194/lpcxpresso/tools/bin/../lib/gcc/arm-none-eabi/4.6.2/../../../../arm-none-eabi/lib/armv7-m/libcr_c.a(remove.o)
 .ARM.attributes
                0x000006e7       0x33 /usr/local/lpcxpresso_6.1.4_194/lpcxpresso/tools/bin/../lib/gcc/arm-none-eabi/4.6.2/../../../../arm-none-eabi/lib/armv7-m/libcr_c.a(memcpy.o)
 .ARM.attributes
                0x0000071a       0x33 /usr/local/lpcxpresso_6.1.4_194/lpcxpresso/tools/bin/../lib/gcc/arm-none-eabi/4.6.2/../../../../arm-none-eabi/lib/armv7-m/libcr_c.a(__init_alloc.o)
 .ARM.attributes
                0x0000074d       0x33 /usr/local/lpcxpresso_6.1.4_194/lpcxpresso/tools/bin/../lib/gcc/arm-none-eabi/4.6.2/../../../../arm-none-eabi/lib/armv7-m/libcr_c.a(_do_fflush.o)
 .ARM.attributes
                0x00000780       0x33 /usr/local/lpcxpresso_6.1.4_194/lpcxpresso/tools/bin/../lib/gcc/arm-none-eabi/4.6.2/../../../../arm-none-eabi/lib/armv7-m/libcr_c.a(_hugeval.o)
 .ARM.attributes
                0x000007b3       0x21 /usr/local/lpcxpresso_6.1.4_194/lpcxpresso/tools/bin/../lib/gcc/arm-none-eabi/4.6.2/armv7-m/libcr_eabihelpers.a(division.o)
 .ARM.attributes
                0x000007d4       0x33 /usr/local/lpcxpresso_6.1.4_194/lpcxpresso/tools/bin/../lib/gcc/arm-none-eabi/4.6.2/armv7-m/libcr_eabihelpers.a(double.o)
 .ARM.attributes
                0x00000807       0x21 /usr/local/lpcxpresso_6.1.4_194/lpcxpresso/tools/bin/../lib/gcc/arm-none-eabi/4.6.2/armv7-m/libcr_eabihelpers.a(memcpy.o)
 .ARM.attributes
                0x00000828       0x21 /usr/local/lpcxpresso_6.1.4_194/lpcxpresso/tools/bin/../lib/gcc/arm-none-eabi/4.6.2/../../../../arm-none-eabi/lib/armv7-m/libcr_semihost.a(__sys_appexit.o)
 .ARM.attributes
                0x00000849       0x21 /usr/local/lpcxpresso_6.1.4_194/lpcxpresso/tools/bin/../lib/gcc/arm-none-eabi/4.6.2/../../../../arm-none-eabi/lib/armv7-m/libcr_semihost.a(__sys_close.o)
 .ARM.attributes
                0x0000086a       0x21 /usr/local/lpcxpresso_6.1.4_194/lpcxpresso/tools/bin/../lib/gcc/arm-none-eabi/4.6.2/../../../../arm-none-eabi/lib/armv7-m/libcr_semihost.a(__sys_flen.o)
 .ARM.attributes
                0x0000088b       0x21 /usr/local/lpcxpresso_6.1.4_194/lpcxpresso/tools/bin/../lib/gcc/arm-none-eabi/4.6.2/../../../../arm-none-eabi/lib/armv7-m/libcr_semihost.a(__sys_istty.o)
 .ARM.attributes
                0x000008ac       0x21 /usr/local/lpcxpresso_6.1.4_194/lpcxpresso/tools/bin/../lib/gcc/arm-none-eabi/4.6.2/../../../../arm-none-eabi/lib/armv7-m/libcr_semihost.a(__sys_read.o)
 .ARM.attributes
                0x000008cd       0x21 /usr/local/lpcxpresso_6.1.4_194/lpcxpresso/tools/bin/../lib/gcc/arm-none-eabi/4.6.2/../../../../arm-none-eabi/lib/armv7-m/libcr_semihost.a(__sys_readc.o)
 .ARM.attributes
                0x000008ee       0x21 /usr/local/lpcxpresso_6.1.4_194/lpcxpresso/tools/bin/../lib/gcc/arm-none-eabi/4.6.2/../../../../arm-none-eabi/lib/armv7-m/libcr_semihost.a(__sys_remove.o)
 .ARM.attributes
                0x0000090f       0x21 /usr/local/lpcxpresso_6.1.4_194/lpcxpresso/tools/bin/../lib/gcc/arm-none-eabi/4.6.2/../../../../arm-none-eabi/lib/armv7-m/libcr_semihost.a(__sys_rename.o)
 .ARM.attributes
                0x00000930       0x21 /usr/local/lpcxpresso_6.1.4_194/lpcxpresso/tools/bin/../lib/gcc/arm-none-eabi/4.6.2/../../../../arm-none-eabi/lib/armv7-m/libcr_semihost.a(__sys_seek.o)
 .ARM.attributes
                0x00000951       0x21 /usr/local/lpcxpresso_6.1.4_194/lpcxpresso/tools/bin/../lib/gcc/arm-none-eabi/4.6.2/../../../../arm-none-eabi/lib/armv7-m/libcr_semihost.a(__sys_tmpnam.o)
 .ARM.attributes
                0x00000972       0x33 /usr/local/lpcxpresso_6.1.4_194/lpcxpresso/tools/bin/../lib/gcc/arm-none-eabi/4.6.2/../../../../arm-none-eabi/lib/armv7-m/libcr_semihost.a(_cr_sbrk.o)
 .ARM.attributes
                0x000009a5       0x33 /usr/local/lpcxpresso_6.1.4_194/lpcxpresso/tools/bin/../lib/gcc/arm-none-eabi/4.6.2/../../../../arm-none-eabi/lib/armv7-m/libcr_semihost.a(_cr_check_heap.o)

.debug_frame    0x00000000      0x6e8
 .debug_frame   0x00000000      0x120 ./cr_startup_lpc17.o
 .debug_frame   0x00000120       0xb4 ./main.o
 .debug_frame   0x000001d4       0x48 /home/lucasrangit/Workspaces/LPCXpresso/CMSISv1p30_LPC17xx/Debug/libCMSISv1p30_LPC17xx.a(system_LPC17xx.o)
 .debug_frame   0x0000021c       0xc0 /home/lucasrangit/Workspaces/LPCXpresso/FreeRTOS_Library/Debug/libFreeRTOS_Library.a(port.o)
 .debug_frame   0x000002dc       0x48 /home/lucasrangit/Workspaces/LPCXpresso/FreeRTOS_Library/Debug/libFreeRTOS_Library.a(basic_io.o)
 .debug_frame   0x00000324       0x28 /home/lucasrangit/Workspaces/LPCXpresso/FreeRTOS_Library/Debug/libFreeRTOS_Library.a(consoleprint.o)
 .debug_frame   0x0000034c      0x2cc /home/lucasrangit/Workspaces/LPCXpresso/FreeRTOS_Library/Debug/libFreeRTOS_Library.a(tasks.o)
 .debug_frame   0x00000618       0x68 /home/lucasrangit/Workspaces/LPCXpresso/FreeRTOS_Library/Debug/libFreeRTOS_Library.a(heap_2.o)
 .debug_frame   0x00000680       0x68 /home/lucasrangit/Workspaces/LPCXpresso/FreeRTOS_Library/Debug/libFreeRTOS_Library.a(list.o)
