17:27:48 **** Incremental Build of configuration Debug for project CMSISv1p30_LPC17xx ****
make all 
make: Nothing to be done for `all'.
17:27:49 **** Incremental Build of configuration Debug for project FreeRTOS_Library ****
make all 
make: Nothing to be done for `all'.
17:27:49 **** Incremental Build of configuration Debug for project Example04 ****
make all 
Building file: ../main.c
Invoking: MCU C Compiler
arm-none-eabi-gcc -DDEBUG -D__USE_CMSIS=CMSISv1p30_LPC17xx -D__CODE_RED -D__REDLIB__ -I"/home/lucasrangit/Workspaces/LPCXpresso/FreeRTOS_Library/demo_code" -I"/home/lucasrangit/Workspaces/LPCXpresso/CMSISv1p30_LPC17xx/inc" -I"/home/lucasrangit/Workspaces/LPCXpresso/FreeRTOS_Library/include" -I"/home/lucasrangit/Workspaces/LPCXpresso/FreeRTOS_Library/portable" -O0 -g3 -fsigned-char -c -fmessage-length=0 -fno-builtin -ffunction-sections -mcpu=cortex-m3 -mthumb -MMD -MP -MF"main.d" -MT"main.d" -o "main.o" "../main.c"
Finished building: ../main.c
 
Building target: Example04.axf
Invoking: MCU Linker
arm-none-eabi-gcc -nostdlib -L"/home/lucasrangit/Workspaces/LPCXpresso/CMSISv1p30_LPC17xx/Debug" -L"/home/lucasrangit/Workspaces/LPCXpresso/FreeRTOS_Library/Debug" -Xlinker --gc-sections -Xlinker -Map=Example04.map -mcpu=cortex-m3 -mthumb -T "Example04_Debug.ld" -o "Example04.axf"  ./cr_startup_lpc17.o ./main.o   -lCMSISv1p30_LPC17xx -lFreeRTOS_Library
Finished building target: Example04.axf
 
make --no-print-directory post-build
Performing post-build steps
arm-none-eabi-size Example04.axf; # arm-none-eabi-objcopy -O ihex Example04.axf Example04.hex ;
   text	   data	    bss	    dec	    hex	filename
  16064	     16	  10912	  26992	   6970	Example04.axf
 
17:27:57 **** Incremental Build of configuration Debug for project CMSISv1p30_LPC17xx ****
make all 
make: Nothing to be done for `all'.
17:27:57 **** Incremental Build of configuration Debug for project FreeRTOS_Library ****
make all 
make: Nothing to be done for `all'.
17:27:58 **** Incremental Build of configuration Debug for project Example04 ****
make all 
make: Nothing to be done for `all'.
17:34:02 **** Incremental Build of configuration Debug for project CMSISv1p30_LPC17xx ****
make all 
make: Nothing to be done for `all'.
17:34:02 **** Incremental Build of configuration Debug for project FreeRTOS_Library ****
make all 
make: Nothing to be done for `all'.
17:34:03 **** Build of configuration Debug for project Example02 ****
make all 
make: Nothing to be done for `all'.
17:47:30 **** Clean-only build of configuration Debug for project CMSISv1p30_LPC17xx ****
make clean 
rm -rf  ./src/core_cm3.o ./src/system_LPC17xx.o  ./src/core_cm3.d ./src/system_LPC17xx.d  libCMSISv1p30_LPC17xx.a
 
17:47:30 **** Clean-only build of configuration Debug for project FreeRTOS_Library ****
make clean 
rm -rf  ./portable/heap_2.o ./portable/port.o  ./demo_code/basic_io.o ./demo_code/consoleprint.o  ./list.o ./queue.o ./tasks.o  ./portable/heap_2.d ./portable/port.d  ./demo_code/basic_io.d ./demo_code/consoleprint.d  ./list.d ./queue.d ./tasks.d  libFreeRTOS_Library.a
 
17:47:30 **** Clean-only build of configuration Debug for project Example03 ****
make clean 
rm -rf  ./cr_startup_lpc17.o ./main.o  ./cr_startup_lpc17.d ./main.d  Example03.axf
 
17:47:33 **** Clean-only build of configuration Debug for project CMSISv1p30_LPC17xx ****
make clean 
rm -rf  ./src/core_cm3.o ./src/system_LPC17xx.o  ./src/core_cm3.d ./src/system_LPC17xx.d  libCMSISv1p30_LPC17xx.a
 
17:47:34 **** Clean-only build of configuration Debug for project FreeRTOS_Library ****
make clean 
rm -rf  ./portable/heap_2.o ./portable/port.o  ./demo_code/basic_io.o ./demo_code/consoleprint.o  ./list.o ./queue.o ./tasks.o  ./portable/heap_2.d ./portable/port.d  ./demo_code/basic_io.d ./demo_code/consoleprint.d  ./list.d ./queue.d ./tasks.d  libFreeRTOS_Library.a
 
17:47:34 **** Clean-only build of configuration Debug for project Example04 ****
make clean 
rm -rf  ./cr_startup_lpc17.o ./main.o  ./cr_startup_lpc17.d ./main.d  Example04.axf
 
17:47:40 **** Clean-only build of configuration Debug for project CMSISv1p30_LPC17xx ****
make clean 
rm -rf  ./src/core_cm3.o ./src/system_LPC17xx.o  ./src/core_cm3.d ./src/system_LPC17xx.d  libCMSISv1p30_LPC17xx.a
 
17:47:40 **** Clean-only build of configuration Debug for project CMSISv2p00_LPC17xx ****
make clean 
rm -rf  ./src/core_cm3.o ./src/system_LPC17xx.o  ./src/core_cm3.d ./src/system_LPC17xx.d  libCMSISv2p00_LPC17xx.a
 
17:47:40 **** Clean-only build of configuration Debug for project Example01 ****
make clean 
rm -rf  ./cr_startup_lpc17.o ./main.o  ./cr_startup_lpc17.d ./main.d  Example01.axf
 
17:47:40 **** Clean-only build of configuration Debug for project Example02 ****
make clean 
rm -rf  ./cr_startup_lpc17.o ./main.o  ./cr_startup_lpc17.d ./main.d  Example02.axf
 
17:47:40 **** Clean-only build of configuration Debug for project Example03 ****
make clean 
rm -rf  ./cr_startup_lpc17.o ./main.o  ./cr_startup_lpc17.d ./main.d  Example03.axf
 
17:47:40 **** Clean-only build of configuration Debug for project Example04 ****
make clean 
rm -rf  ./cr_startup_lpc17.o ./main.o  ./cr_startup_lpc17.d ./main.d  Example04.axf
 
17:47:41 **** Clean-only build of configuration Debug for project FreeRTOS_Library ****
make clean 
rm -rf  ./portable/heap_2.o ./portable/port.o  ./demo_code/basic_io.o ./demo_code/consoleprint.o  ./list.o ./queue.o ./tasks.o  ./portable/heap_2.d ./portable/port.d  ./demo_code/basic_io.d ./demo_code/consoleprint.d  ./list.d ./queue.d ./tasks.d  libFreeRTOS_Library.a
 
17:47:41 **** Clean-only build of configuration Debug for project LPCX176x_cmsis2_systick_twinkle ****
make clean 
rm -rf  ./src/cr_startup_lpc176x.o ./src/leds.o ./src/systick_twinkle.o  ./src/cr_startup_lpc176x.d ./src/leds.d ./src/systick_twinkle.d  LPCX176x_cmsis2_systick_twinkle.axf
 
